Initialized native services in: C:\Users\송기윤\.gradle\native
Initialized jansi services in: C:\Users\송기윤\.gradle\native
Found daemon DaemonInfo{pid=10716, address=[cb28ff41-49e8-4fdc-a14e-2f9da9b77bd1 port:61422, addresses:[/127.0.0.1]], state=Idle, lastBusy=1773641030060, context=DefaultDaemonContext[uid=c28d169b-2f4e-4199-adda-89c43587b976,javaHome=C:\Users\?↔린??.jdks\temurin-17.0.17,javaVersion=17,javaVendor=Eclipse Adoptium,daemonRegistryDir=C:\Users\?↔린??.gradle\daemon,pid=10716,idleTimeout=10800000,priority=NORMAL,applyInstrumentationAgent=true,nativeServicesMode=ENABLED,daemonOpts=-XX:MaxMetaspaceSize=384m,-XX:+HeapDumpOnOutOfMemoryError,-Xms256m,-Xmx512m,-Dfile.encoding=UTF-8,-Duser.country=KR,-Duser.language=ko,-Duser.variant]} however its context does not match the desired criteria.
JVM is incompatible.
Wanted: DaemonRequestContext{jvmCriteria=C:\Program Files\Eclipse Adoptium\jdk-25.0.1.8-hotspot (from org.gradle.java.home), daemonOpts=[-XX:MaxMetaspaceSize=384m, -XX:+HeapDumpOnOutOfMemoryError, -Xms256m, -Xmx512m, -Dfile.encoding=UTF-8, -Duser.country=KR, -Duser.language=ko, -Duser.variant], applyInstrumentationAgent=true, nativeServicesMode=ENABLED, priority=NORMAL}
Actual: DefaultDaemonContext[uid=c28d169b-2f4e-4199-adda-89c43587b976,javaHome=C:\Users\?↔린??.jdks\temurin-17.0.17,javaVersion=17,javaVendor=Eclipse Adoptium,daemonRegistryDir=C:\Users\?↔린??.gradle\daemon,pid=10716,idleTimeout=10800000,priority=NORMAL,applyInstrumentationAgent=true,nativeServicesMode=ENABLED,daemonOpts=-XX:MaxMetaspaceSize=384m,-XX:+HeapDumpOnOutOfMemoryError,-Xms256m,-Xmx512m,-Dfile.encoding=UTF-8,-Duser.country=KR,-Duser.language=ko,-Duser.variant]

  Looking for a different daemon...
The client will now receive all logging from the daemon (pid: 4552). The daemon log file: C:\Users\?↔린??.gradle\daemon\9.0.0\daemon-4552.out.log
Starting 5th build in daemon [uptime: 5 mins 7.296 secs, performance: 99%, GC rate: 0.00/s, heap usage: 0% of 512 MiB, non-heap usage: 20% of 384 MiB]
Using 12 worker leases.
Now considering [C:\Users\?↔린??Downloads\zip] as hierarchies to watch
Watching the file system is configured to be enabled if available
File system watching is active
Starting Build
Settings evaluated using settings file 'C:\Users\?↔린??Downloads\zip\settings.gradle'.
Projects loaded. Root project using build file 'C:\Users\?↔린??Downloads\zip\build.gradle'.
Included projects: [root project 'demo']

> Configure project :
Evaluating root project 'demo' using build file 'C:\Users\?↔린??Downloads\zip\build.gradle'.
Resolved plugin [id: 'java']
Resolved plugin [id: 'org.springframework.boot', version: '3.5.9']
Resolved plugin [id: 'io.spring.dependency-management', version: '1.1.7']
Applying dependency management to configuration 'annotationProcessor' in project 'demo'
Applying dependency management to configuration 'apiElements' in project 'demo'
Applying dependency management to configuration 'archives' in project 'demo'
Applying dependency management to configuration 'bootArchives' in project 'demo'
Applying dependency management to configuration 'compileClasspath' in project 'demo'
Applying dependency management to configuration 'compileOnly' in project 'demo'
Applying dependency management to configuration 'default' in project 'demo'
Applying dependency management to configuration 'developmentOnly' in project 'demo'
Applying dependency management to configuration 'implementation' in project 'demo'
Applying dependency management to configuration 'mainSourceElements' in project 'demo'
Applying dependency management to configuration 'productionRuntimeClasspath' in project 'demo'
Applying dependency management to configuration 'runtimeClasspath' in project 'demo'
Applying dependency management to configuration 'runtimeElements' in project 'demo'
Applying dependency management to configuration 'runtimeOnly' in project 'demo'
Applying dependency management to configuration 'testAndDevelopmentOnly' in project 'demo'
Applying dependency management to configuration 'testAnnotationProcessor' in project 'demo'
Applying dependency management to configuration 'testCompileClasspath' in project 'demo'
Applying dependency management to configuration 'testCompileOnly' in project 'demo'
Applying dependency management to configuration 'testImplementation' in project 'demo'
Applying dependency management to configuration 'testResultsElementsForTest' in project 'demo'
Applying dependency management to configuration 'testRuntimeClasspath' in project 'demo'
Applying dependency management to configuration 'testRuntimeOnly' in project 'demo'
All projects evaluated.
Task name matched 'test'
Selected primary task 'test' from project :
Resolving global dependency management for project 'demo'
Excluding [com.google.protobuf:protobuf-java]
Excluding []
Excluding []
Excluding []
Excluding []
Excluding []
Tasks to be executed: [task ':compileJava', task ':processResources', task ':classes', task ':compileTestJava', task ':processTestResources', task ':testClasses', task ':test']
Tasks that were excluded: []
Resolve mutations for :compileJava (Thread[#843,Execution worker,5,main]) started.
:compileJava (Thread[#843,Execution worker,5,main]) started.

> Task :compileJava UP-TO-DATE
Custom actions are attached to task ':compileJava'.
Caching disabled for task ':compileJava' because:
  Build cache is disabled
Skipping task ':compileJava' as it is up-to-date.
Resolve mutations for :processResources (Thread[#843,Execution worker,5,main]) started.
:processResources (Thread[#843,Execution worker,5,main]) started.

> Task :processResources UP-TO-DATE
Caching disabled for task ':processResources' because:
  Build cache is disabled
  Not worth caching
Skipping task ':processResources' as it is up-to-date.
Resolve mutations for :classes (Thread[#843,Execution worker,5,main]) started.
:classes (Thread[#843,Execution worker,5,main]) started.

> Task :classes UP-TO-DATE
Skipping task ':classes' as it has no actions.
Resolve mutations for :compileTestJava (Thread[#852,Execution worker Thread 10,5,main]) started.
:compileTestJava (Thread[#852,Execution worker Thread 10,5,main]) started.

> Task :compileTestJava UP-TO-DATE
Custom actions are attached to task ':compileTestJava'.
Caching disabled for task ':compileTestJava' because:
  Build cache is disabled
Skipping task ':compileTestJava' as it is up-to-date.
Resolve mutations for :processTestResources (Thread[#852,Execution worker Thread 10,5,main]) started.
:processTestResources (Thread[#852,Execution worker Thread 10,5,main]) started.

> Task :processTestResources UP-TO-DATE
Caching disabled for task ':processTestResources' because:
  Build cache is disabled
  Not worth caching
Skipping task ':processTestResources' as it is up-to-date.
Resolve mutations for :testClasses (Thread[#852,Execution worker Thread 10,5,main]) started.
:testClasses (Thread[#852,Execution worker Thread 10,5,main]) started.

> Task :testClasses UP-TO-DATE
Skipping task ':testClasses' as it has no actions.
Resolve mutations for :test (Thread[#852,Execution worker Thread 10,5,main]) started.
:test (Thread[#852,Execution worker Thread 10,5,main]) started.
./gradlew : Could not write standard input to Gradle Test Executor 4.
위치 줄:1 문자:1
+ ./gradlew test --info > test-log.txt 2>&1
+ ~~~~~~~~~~~~~~~~~~~~~~~~~~~~~~~~~~~~~~~~~
    + CategoryInfo          : NotSpecified: (Could not write...est Executor 4.:Stri 
   ng) [], RemoteException
    + FullyQualifiedErrorId : NativeCommandError
 
java.io.IOException: ?뚯씠?꾧? ?ロ엳??以묒엯?덈떎
	at java.base/java.io.FileOutputStream.writeBytes(Native Method)
	at java.base/java.io.FileOutputStream.write(FileOutputStream.java:352)
	at java.base/java.lang.Process$PipeOutputStream.write(Process.java:1027)
	at java.base/java.io.BufferedOutputStream.flushBuffer(BufferedOutputStream.java:123
)
	at java.base/java.io.BufferedOutputStream.flush(BufferedOutputStream.java:203)
	at org.gradle.process.internal.streams.ExecOutputHandleRunner.writeBuffer(ExecOutpu
tHandleRunner.java:98)
	at org.gradle.process.internal.streams.ExecOutputHandleRunner.forwardContent(ExecOu
tputHandleRunner.java:85)
	at org.gradle.process.internal.streams.ExecOutputHandleRunner.run(ExecOutputHandleR
unner.java:64)
	at org.gradle.internal.concurrent.ExecutorPolicy$CatchAndRecordFailures.onExecute(E
xecutorPolicy.java:64)
	at org.gradle.internal.concurrent.AbstractManagedExecutor$1.run(AbstractManagedExec
utor.java:47)
	at java.base/java.util.concurrent.ThreadPoolExecutor.runWorker(ThreadPoolExecutor.j
ava:1090)
	at java.base/java.util.concurrent.ThreadPoolExecutor$Worker.run(ThreadPoolExecutor.
java:614)
	at java.base/java.lang.Thread.run(Thread.java:1474)
Could not write standard input to Gradle Test Executor 5.
java.io.IOException: ?뚯씠?꾧? ?ロ엳??以묒엯?덈떎
	at java.base/java.io.FileOutputStream.writeBytes(Native Method)
	at java.base/java.io.FileOutputStream.write(FileOutputStream.java:352)
	at java.base/java.lang.Process$PipeOutputStream.write(Process.java:1027)
	at java.base/java.io.BufferedOutputStream.flushBuffer(BufferedOutputStream.java:123
)
	at java.base/java.io.BufferedOutputStream.flush(BufferedOutputStream.java:203)
	at org.gradle.process.internal.streams.ExecOutputHandleRunner.writeBuffer(ExecOutpu
tHandleRunner.java:98)
	at org.gradle.process.internal.streams.ExecOutputHandleRunner.forwardContent(ExecOu
tputHandleRunner.java:85)
	at org.gradle.process.internal.streams.ExecOutputHandleRunner.run(ExecOutputHandleR
unner.java:64)
	at org.gradle.internal.concurrent.ExecutorPolicy$CatchAndRecordFailures.onExecute(E
xecutorPolicy.java:64)
	at org.gradle.internal.concurrent.AbstractManagedExecutor$1.run(AbstractManagedExec
utor.java:47)
	at java.base/java.util.concurrent.ThreadPoolExecutor.runWorker(ThreadPoolExecutor.j
ava:1090)
	at java.base/java.util.concurrent.ThreadPoolExecutor$Worker.run(ThreadPoolExecutor.
java:614)
	at java.base/java.lang.Thread.run(Thread.java:1474)
Could not write standard input to Gradle Test Executor 6.
java.io.IOException: ?뚯씠?꾧? ?ロ엳??以묒엯?덈떎
	at java.base/java.io.FileOutputStream.writeBytes(Native Method)
	at java.base/java.io.FileOutputStream.write(FileOutputStream.java:352)
	at java.base/java.lang.Process$PipeOutputStream.write(Process.java:1027)
	at java.base/java.io.BufferedOutputStream.flushBuffer(BufferedOutputStream.java:123
)
	at java.base/java.io.BufferedOutputStream.flush(BufferedOutputStream.java:203)
	at org.gradle.process.internal.streams.ExecOutputHandleRunner.writeBuffer(ExecOutpu
tHandleRunner.java:98)
	at org.gradle.process.internal.streams.ExecOutputHandleRunner.forwardContent(ExecOu
tputHandleRunner.java:85)
	at org.gradle.process.internal.streams.ExecOutputHandleRunner.run(ExecOutputHandleR
unner.java:64)
	at org.gradle.internal.concurrent.ExecutorPolicy$CatchAndRecordFailures.onExecute(E
xecutorPolicy.java:64)
	at org.gradle.internal.concurrent.AbstractManagedExecutor$1.run(AbstractManagedExec
utor.java:47)
	at java.base/java.util.concurrent.ThreadPoolExecutor.runWorker(ThreadPoolExecutor.j
ava:1090)
	at java.base/java.util.concurrent.ThreadPoolExecutor$Worker.run(ThreadPoolExecutor.
java:614)
	at java.base/java.lang.Thread.run(Thread.java:1474)

> Task :test FAILED
Caching disabled for task ':test' because:
  Build cache is disabled
Task ':test' is not up-to-date because:
  Task has failed previously.
Starting process 'Gradle Test Executor 4'. Working directory: C:\Users\?↔린??Downloads\zip Command: C:\Program Files\Eclipse Adoptium\jdk-25.0.1.8-hotspot\bin\java.exe -Dorg.gradle.internal.worker.tmpdir=C:\Users\?↔린??Downloads\zip\build\tmp\test\work @C:\Users\?↔린??.gradle\.tmp\gradle-worker-classpath9760039807496839562txt -Xmx512m -Dfile.encoding=UTF-8 -Duser.country=KR -Duser.language=ko -Duser.variant -ea worker.org.gradle.process.internal.worker.GradleWorkerMain 'Gradle Test Executor 4'
Successfully started process 'Gradle Test Executor 4'
占쏙옙占쏙옙: 占썩본 클占쏙옙占쏙옙 worker.org.gradle.process.internal.worker.GradleWorkerMain占쏙옙(占쏙
옙) 찾占신놂옙 占싸듸옙占쏙옙 占쏙옙 占쏙옙占쏙옙占싹댐옙.
占쏙옙占쏙옙: java.lang.ClassNotFoundException: worker.org.gradle.process.internal.worker.
GradleWorkerMain
Starting process 'Gradle Test Executor 5'. Working directory: C:\Users\?↔린??Downloads\zip Command: C:\Program Files\Eclipse Adoptium\jdk-25.0.1.8-hotspot\bin\java.exe -Dorg.gradle.internal.worker.tmpdir=C:\Users\?↔린??Downloads\zip\build\tmp\test\work @C:\Users\?↔린??.gradle\.tmp\gradle-worker-classpath17849122121753754077txt -Xmx512m -Dfile.encoding=UTF-8 -Duser.country=KR -Duser.language=ko -Duser.variant -ea worker.org.gradle.process.internal.worker.GradleWorkerMain 'Gradle Test Executor 5'
Successfully started process 'Gradle Test Executor 5'
占쏙옙占쏙옙: 占썩본 클占쏙옙占쏙옙 worker.org.gradle.process.internal.worker.GradleWorkerMain占쏙옙(占쏙
옙) 찾占신놂옙 占싸듸옙占쏙옙 占쏙옙 占쏙옙占쏙옙占싹댐옙.
占쏙옙占쏙옙: java.lang.ClassNotFoundException: worker.org.gradle.process.internal.worker.
GradleWorkerMain
Process 'Gradle Test Executor 5' finished with non-zero exit value 1
org.gradle.process.ProcessExecutionException: Process 'Gradle Test Executor 5' finis
hed with non-zero exit value 1
	at org.gradle.process.internal.DefaultExecHandle$ExecResultImpl.assertNormalExitVal
ue(DefaultExecHandle.java:443)
	at org.gradle.process.internal.worker.DefaultWorkerProcess.onProcessStop(DefaultWor
kerProcess.java:146)
	at org.gradle.process.internal.worker.DefaultWorkerProcess.access$000(DefaultWorker
Process.java:43)
	at org.gradle.process.internal.worker.DefaultWorkerProcess$1.executionFinished(Defa
ultWorkerProcess.java:99)
	at java.base/jdk.internal.reflect.DirectMethodHandleAccessor.invoke(DirectMethodHan
dleAccessor.java:104)
	at java.base/java.lang.reflect.Method.invoke(Method.java:565)
	at org.gradle.internal.dispatch.ReflectionDispatch.dispatch(ReflectionDispatch.java
:36)
	at org.gradle.internal.dispatch.ReflectionDispatch.dispatch(ReflectionDispatch.java
:24)
	at org.gradle.internal.event.AbstractBroadcastDispatch.dispatch(AbstractBroadcastDi
spatch.java:44)
	at org.gradle.internal.event.BroadcastDispatch$SingletonDispatch.dispatch(Broadcast
Dispatch.java:270)
	at org.gradle.internal.event.BroadcastDispatch$SingletonDispatch.dispatch(Broadcast
Dispatch.java:172)
	at org.gradle.internal.event.ListenerBroadcast.dispatch(ListenerBroadcast.java:160)
	at org.gradle.internal.event.ListenerBroadcast.dispatch(ListenerBroadcast.java:37)
	at org.gradle.internal.dispatch.ProxyDispatchAdapter$DispatchingInvocationHandler.i
nvoke(ProxyDispatchAdapter.java:92)
	at jdk.proxy1/jdk.proxy1.$Proxy97.executionFinished(Unknown Source)
	at org.gradle.process.internal.DefaultExecHandle.setEndStateInfo(DefaultExecHandle.
java:222)
	at org.gradle.process.internal.DefaultExecHandle.finished(DefaultExecHandle.java:38
2)
	at org.gradle.process.internal.ExecHandleRunner.completed(ExecHandleRunner.java:134
)
	at org.gradle.process.internal.ExecHandleRunner.lambda$run$2(ExecHandleRunner.java:
97)
	at org.gradle.internal.operations.CurrentBuildOperationRef.with(CurrentBuildOperati
onRef.java:84)
	at org.gradle.process.internal.ExecHandleRunner.run(ExecHandleRunner.java:95)
	at org.gradle.internal.concurrent.ExecutorPolicy$CatchAndRecordFailures.onExecute(E
xecutorPolicy.java:64)
	at org.gradle.internal.concurrent.AbstractManagedExecutor$1.run(AbstractManagedExec
utor.java:47)
	at java.base/java.util.concurrent.ThreadPoolExecutor.runWorker(ThreadPoolExecutor.j
ava:1090)
	at java.base/java.util.concurrent.ThreadPoolExecutor$Worker.run(ThreadPoolExecutor.
java:614)
	at java.base/java.lang.Thread.run(Thread.java:1474)
Starting process 'Gradle Test Executor 6'. Working directory: C:\Users\?↔린??Downloads\zip Command: C:\Program Files\Eclipse Adoptium\jdk-25.0.1.8-hotspot\bin\java.exe -Dorg.gradle.internal.worker.tmpdir=C:\Users\?↔린??Downloads\zip\build\tmp\test\work @C:\Users\?↔린??.gradle\.tmp\gradle-worker-classpath18137803068237529472txt -Xmx512m -Dfile.encoding=UTF-8 -Duser.country=KR -Duser.language=ko -Duser.variant -ea worker.org.gradle.process.internal.worker.GradleWorkerMain 'Gradle Test Executor 6'
Successfully started process 'Gradle Test Executor 6'
占쏙옙占쏙옙: 占썩본 클占쏙옙占쏙옙 worker.org.gradle.process.internal.worker.GradleWorkerMain占쏙옙(占쏙
옙) 찾占신놂옙 占싸듸옙占쏙옙 占쏙옙 占쏙옙占쏙옙占싹댐옙.
占쏙옙占쏙옙: java.lang.ClassNotFoundException: worker.org.gradle.process.internal.worker.
GradleWorkerMain
Process 'Gradle Test Executor 6' finished with non-zero exit value 1
org.gradle.process.ProcessExecutionException: Process 'Gradle Test Executor 6' finis
hed with non-zero exit value 1
	at org.gradle.process.internal.DefaultExecHandle$ExecResultImpl.assertNormalExitVal
ue(DefaultExecHandle.java:443)
	at org.gradle.process.internal.worker.DefaultWorkerProcess.onProcessStop(DefaultWor
kerProcess.java:146)
	at org.gradle.process.internal.worker.DefaultWorkerProcess.access$000(DefaultWorker
Process.java:43)
	at org.gradle.process.internal.worker.DefaultWorkerProcess$1.executionFinished(Defa
ultWorkerProcess.java:99)
	at java.base/jdk.internal.reflect.DirectMethodHandleAccessor.invoke(DirectMethodHan
dleAccessor.java:104)
	at java.base/java.lang.reflect.Method.invoke(Method.java:565)
	at org.gradle.internal.dispatch.ReflectionDispatch.dispatch(ReflectionDispatch.java
:36)
	at org.gradle.internal.dispatch.ReflectionDispatch.dispatch(ReflectionDispatch.java
:24)
	at org.gradle.internal.event.AbstractBroadcastDispatch.dispatch(AbstractBroadcastDi
spatch.java:44)
	at org.gradle.internal.event.BroadcastDispatch$SingletonDispatch.dispatch(Broadcast
Dispatch.java:270)
	at org.gradle.internal.event.BroadcastDispatch$SingletonDispatch.dispatch(Broadcast
Dispatch.java:172)
	at org.gradle.internal.event.ListenerBroadcast.dispatch(ListenerBroadcast.java:160)
	at org.gradle.internal.event.ListenerBroadcast.dispatch(ListenerBroadcast.java:37)
	at org.gradle.internal.dispatch.ProxyDispatchAdapter$DispatchingInvocationHandler.i
nvoke(ProxyDispatchAdapter.java:92)
	at jdk.proxy1/jdk.proxy1.$Proxy97.executionFinished(Unknown Source)
	at org.gradle.process.internal.DefaultExecHandle.setEndStateInfo(DefaultExecHandle.
java:222)
	at org.gradle.process.internal.DefaultExecHandle.finished(DefaultExecHandle.java:38
2)
	at org.gradle.process.internal.ExecHandleRunner.completed(ExecHandleRunner.java:134
)
	at org.gradle.process.internal.ExecHandleRunner.lambda$run$2(ExecHandleRunner.java:
97)
	at org.gradle.internal.operations.CurrentBuildOperationRef.with(CurrentBuildOperati
onRef.java:84)
	at org.gradle.process.internal.ExecHandleRunner.run(ExecHandleRunner.java:95)
	at org.gradle.internal.concurrent.ExecutorPolicy$CatchAndRecordFailures.onExecute(E
xecutorPolicy.java:64)
	at org.gradle.internal.concurrent.AbstractManagedExecutor$1.run(AbstractManagedExec
utor.java:47)
	at java.base/java.util.concurrent.ThreadPoolExecutor.runWorker(ThreadPoolExecutor.j
ava:1090)
	at java.base/java.util.concurrent.ThreadPoolExecutor$Worker.run(ThreadPoolExecutor.
java:614)
	at java.base/java.lang.Thread.run(Thread.java:1474)
Finished generating test XML results (0.002 secs) into: C:\Users\?↔린??Downloads\zip\build\test-results\test
Generating HTML test report...
Finished generating test html results (0.008 secs) into: C:\Users\?↔린??Downloads\zip\build\reports\tests\test

FAILURE: Build failed with an exception.

* What went wrong:
Execution failed for task ':test'.
> Test process encountered an unexpected problem.
   > Process 'Gradle Test Executor 4' finished with non-zero exit value 1

* Try:
> Check common problems https://docs.gradle.org/9.0.0/userguide/java_testing.html#se
c:java_testing_troubleshooting.
> Run with --stacktrace option to get the stack trace.
> Run with --debug option to get more log output.
> Run with --scan to generate a Build Scan (Powered by Develocity).
> Get more help at https://help.gradle.org.

BUILD FAILED in 3s
5 actionable tasks: 1 executed, 4 up-to-date
Watched directory hierarchies: [C:\Users\?↔린??Downloads\zip]
